
AVRASM ver. 2.1.30  E:\UNI\Micro Lab\Keypad and sevensegment\Code\Debug\List\code.asm Tue Apr 07 15:16:43 2020

E:\UNI\Micro Lab\Keypad and sevensegment\Code\Debug\List\code.asm(1088): warning: Register r4 already defined by the .DEF directive
E:\UNI\Micro Lab\Keypad and sevensegment\Code\Debug\List\code.asm(1089): warning: Register r5 already defined by the .DEF directive
                 
                 
                 ;CodeVisionAVR C Compiler V3.12 Advanced
                 ;(C) Copyright 1998-2014 Pavel Haiduc, HP InfoTech s.r.l.
                 ;http://www.hpinfotech.com
                 
                 ;Build configuration    : Debug
                 ;Chip type              : ATmega16
                 ;Program type           : Application
                 ;Clock frequency        : 8/000000 MHz
                 ;Memory model           : Small
                 ;Optimize for           : Size
                 ;(s)printf features     : int, width
                 ;(s)scanf features      : int, width
                 ;External RAM size      : 0
                 ;Data Stack size        : 256 byte(s)
                 ;Heap size              : 0 byte(s)
                 ;Promote 'char' to 'int': Yes
                 ;'char' is unsigned     : Yes
                 ;8 bit enums            : Yes
                 ;Global 'const' stored in FLASH: Yes
                 ;Enhanced function parameter passing: Yes
                 ;Enhanced core instructions: On
                 ;Automatic register allocation for global variables: On
                 ;Smart register allocation: On
                 
                 	#define _MODEL_SMALL_
                 
                 	#pragma AVRPART ADMIN PART_NAME ATmega16
                 	#pragma AVRPART MEMORY PROG_FLASH 16384
                 	#pragma AVRPART MEMORY EEPROM 512
                 	#pragma AVRPART MEMORY INT_SRAM SIZE 1024
                 	#pragma AVRPART MEMORY INT_SRAM START_ADDR 0x60
                 
                 	#define CALL_SUPPORTED 1
                 
                 	.LISTMAC
                 	.EQU UDRE=0x5
                 	.EQU RXC=0x7
                 	.EQU USR=0xB
                 	.EQU UDR=0xC
                 	.EQU SPSR=0xE
                 	.EQU SPDR=0xF
                 	.EQU EERE=0x0
                 	.EQU EEWE=0x1
                 	.EQU EEMWE=0x2
                 	.EQU EECR=0x1C
                 	.EQU EEDR=0x1D
                 	.EQU EEARL=0x1E
                 	.EQU EEARH=0x1F
                 	.EQU WDTCR=0x21
                 	.EQU MCUCR=0x35
                 	.EQU GICR=0x3B
                 	.EQU SPL=0x3D
                 	.EQU SPH=0x3E
                 	.EQU SREG=0x3F
                 
                 	.DEF R0X0=R0
                 	.DEF R0X1=R1
                 	.DEF R0X2=R2
                 	.DEF R0X3=R3
                 	.DEF R0X4=R4
                 	.DEF R0X5=R5
                 	.DEF R0X6=R6
                 	.DEF R0X7=R7
                 	.DEF R0X8=R8
                 	.DEF R0X9=R9
                 	.DEF R0XA=R10
                 	.DEF R0XB=R11
                 	.DEF R0XC=R12
                 	.DEF R0XD=R13
                 	.DEF R0XE=R14
                 	.DEF R0XF=R15
                 	.DEF R0X10=R16
                 	.DEF R0X11=R17
                 	.DEF R0X12=R18
                 	.DEF R0X13=R19
                 	.DEF R0X14=R20
                 	.DEF R0X15=R21
                 	.DEF R0X16=R22
                 	.DEF R0X17=R23
                 	.DEF R0X18=R24
                 	.DEF R0X19=R25
                 	.DEF R0X1A=R26
                 	.DEF R0X1B=R27
                 	.DEF R0X1C=R28
                 	.DEF R0X1D=R29
                 	.DEF R0X1E=R30
                 	.DEF R0X1F=R31
                 
                 	.EQU __SRAM_START=0x0060
                 	.EQU __SRAM_END=0x045F
                 	.EQU __DSTACK_SIZE=0x0100
                 	.EQU __HEAP_SIZE=0x0000
                 	.EQU __CLEAR_SRAM_SIZE=__SRAM_END-__SRAM_START+1
                 
                 	.MACRO __CPD1N
                 	CPI  R30,LOW(@0)
                 	LDI  R26,HIGH(@0)
                 	CPC  R31,R26
                 	LDI  R26,BYTE3(@0)
                 	CPC  R22,R26
                 	LDI  R26,BYTE4(@0)
                 	CPC  R23,R26
                 	.ENDM
                 
                 	.MACRO __CPD2N
                 	CPI  R26,LOW(@0)
                 	LDI  R30,HIGH(@0)
                 	CPC  R27,R30
                 	LDI  R30,BYTE3(@0)
                 	CPC  R24,R30
                 	LDI  R30,BYTE4(@0)
                 	CPC  R25,R30
                 	.ENDM
                 
                 	.MACRO __CPWRR
                 	CP   R@0,R@2
                 	CPC  R@1,R@3
                 	.ENDM
                 
                 	.MACRO __CPWRN
                 	CPI  R@0,LOW(@2)
                 	LDI  R30,HIGH(@2)
                 	CPC  R@1,R30
                 	.ENDM
                 
                 	.MACRO __ADDB1MN
                 	SUBI R30,LOW(-@0-(@1))
                 	.ENDM
                 
                 	.MACRO __ADDB2MN
                 	SUBI R26,LOW(-@0-(@1))
                 	.ENDM
                 
                 	.MACRO __ADDW1MN
                 	SUBI R30,LOW(-@0-(@1))
                 	SBCI R31,HIGH(-@0-(@1))
                 	.ENDM
                 
                 	.MACRO __ADDW2MN
                 	SUBI R26,LOW(-@0-(@1))
                 	SBCI R27,HIGH(-@0-(@1))
                 	.ENDM
                 
                 	.MACRO __ADDW1FN
                 	SUBI R30,LOW(-2*@0-(@1))
                 	SBCI R31,HIGH(-2*@0-(@1))
                 	.ENDM
                 
                 	.MACRO __ADDD1FN
                 	SUBI R30,LOW(-2*@0-(@1))
                 	SBCI R31,HIGH(-2*@0-(@1))
                 	SBCI R22,BYTE3(-2*@0-(@1))
                 	.ENDM
                 
                 	.MACRO __ADDD1N
                 	SUBI R30,LOW(-@0)
                 	SBCI R31,HIGH(-@0)
                 	SBCI R22,BYTE3(-@0)
                 	SBCI R23,BYTE4(-@0)
                 	.ENDM
                 
                 	.MACRO __ADDD2N
                 	SUBI R26,LOW(-@0)
                 	SBCI R27,HIGH(-@0)
                 	SBCI R24,BYTE3(-@0)
                 	SBCI R25,BYTE4(-@0)
                 	.ENDM
                 
                 	.MACRO __SUBD1N
                 	SUBI R30,LOW(@0)
                 	SBCI R31,HIGH(@0)
                 	SBCI R22,BYTE3(@0)
                 	SBCI R23,BYTE4(@0)
                 	.ENDM
                 
                 	.MACRO __SUBD2N
                 	SUBI R26,LOW(@0)
                 	SBCI R27,HIGH(@0)
                 	SBCI R24,BYTE3(@0)
                 	SBCI R25,BYTE4(@0)
                 	.ENDM
                 
                 	.MACRO __ANDBMNN
                 	LDS  R30,@0+(@1)
                 	ANDI R30,LOW(@2)
                 	STS  @0+(@1),R30
                 	.ENDM
                 
                 	.MACRO __ANDWMNN
                 	LDS  R30,@0+(@1)
                 	ANDI R30,LOW(@2)
                 	STS  @0+(@1),R30
                 	LDS  R30,@0+(@1)+1
                 	ANDI R30,HIGH(@2)
                 	STS  @0+(@1)+1,R30
                 	.ENDM
                 
                 	.MACRO __ANDD1N
                 	ANDI R30,LOW(@0)
                 	ANDI R31,HIGH(@0)
                 	ANDI R22,BYTE3(@0)
                 	ANDI R23,BYTE4(@0)
                 	.ENDM
                 
                 	.MACRO __ANDD2N
                 	ANDI R26,LOW(@0)
                 	ANDI R27,HIGH(@0)
                 	ANDI R24,BYTE3(@0)
                 	ANDI R25,BYTE4(@0)
                 	.ENDM
                 
                 	.MACRO __ORBMNN
                 	LDS  R30,@0+(@1)
                 	ORI  R30,LOW(@2)
                 	STS  @0+(@1),R30
                 	.ENDM
                 
                 	.MACRO __ORWMNN
                 	LDS  R30,@0+(@1)
                 	ORI  R30,LOW(@2)
                 	STS  @0+(@1),R30
                 	LDS  R30,@0+(@1)+1
                 	ORI  R30,HIGH(@2)
                 	STS  @0+(@1)+1,R30
                 	.ENDM
                 
                 	.MACRO __ORD1N
                 	ORI  R30,LOW(@0)
                 	ORI  R31,HIGH(@0)
                 	ORI  R22,BYTE3(@0)
                 	ORI  R23,BYTE4(@0)
                 	.ENDM
                 
                 	.MACRO __ORD2N
                 	ORI  R26,LOW(@0)
                 	ORI  R27,HIGH(@0)
                 	ORI  R24,BYTE3(@0)
                 	ORI  R25,BYTE4(@0)
                 	.ENDM
                 
                 	.MACRO __DELAY_USB
                 	LDI  R24,LOW(@0)
                 __DELAY_USB_LOOP:
                 	DEC  R24
                 	BRNE __DELAY_USB_LOOP
                 	.ENDM
                 
                 	.MACRO __DELAY_USW
                 	LDI  R24,LOW(@0)
                 	LDI  R25,HIGH(@0)
                 __DELAY_USW_LOOP:
                 	SBIW R24,1
                 	BRNE __DELAY_USW_LOOP
                 	.ENDM
                 
                 	.MACRO __GETD1S
                 	LDD  R30,Y+@0
                 	LDD  R31,Y+@0+1
                 	LDD  R22,Y+@0+2
                 	LDD  R23,Y+@0+3
                 	.ENDM
                 
                 	.MACRO __GETD2S
                 	LDD  R26,Y+@0
                 	LDD  R27,Y+@0+1
                 	LDD  R24,Y+@0+2
                 	LDD  R25,Y+@0+3
                 	.ENDM
                 
                 	.MACRO __PUTD1S
                 	STD  Y+@0,R30
                 	STD  Y+@0+1,R31
                 	STD  Y+@0+2,R22
                 	STD  Y+@0+3,R23
                 	.ENDM
                 
                 	.MACRO __PUTD2S
                 	STD  Y+@0,R26
                 	STD  Y+@0+1,R27
                 	STD  Y+@0+2,R24
                 	STD  Y+@0+3,R25
                 	.ENDM
                 
                 	.MACRO __PUTDZ2
                 	STD  Z+@0,R26
                 	STD  Z+@0+1,R27
                 	STD  Z+@0+2,R24
                 	STD  Z+@0+3,R25
                 	.ENDM
                 
                 	.MACRO __CLRD1S
                 	STD  Y+@0,R30
                 	STD  Y+@0+1,R30
                 	STD  Y+@0+2,R30
                 	STD  Y+@0+3,R30
                 	.ENDM
                 
                 	.MACRO __POINTB1MN
                 	LDI  R30,LOW(@0+(@1))
                 	.ENDM
                 
                 	.MACRO __POINTW1MN
                 	LDI  R30,LOW(@0+(@1))
                 	LDI  R31,HIGH(@0+(@1))
                 	.ENDM
                 
                 	.MACRO __POINTD1M
                 	LDI  R30,LOW(@0)
                 	LDI  R31,HIGH(@0)
                 	LDI  R22,BYTE3(@0)
                 	LDI  R23,BYTE4(@0)
                 	.ENDM
                 
                 	.MACRO __POINTW1FN
                 	LDI  R30,LOW(2*@0+(@1))
                 	LDI  R31,HIGH(2*@0+(@1))
                 	.ENDM
                 
                 	.MACRO __POINTD1FN
                 	LDI  R30,LOW(2*@0+(@1))
                 	LDI  R31,HIGH(2*@0+(@1))
                 	LDI  R22,BYTE3(2*@0+(@1))
                 	LDI  R23,BYTE4(2*@0+(@1))
                 	.ENDM
                 
                 	.MACRO __POINTB2MN
                 	LDI  R26,LOW(@0+(@1))
                 	.ENDM
                 
                 	.MACRO __POINTW2MN
                 	LDI  R26,LOW(@0+(@1))
                 	LDI  R27,HIGH(@0+(@1))
                 	.ENDM
                 
                 	.MACRO __POINTW2FN
                 	LDI  R26,LOW(2*@0+(@1))
                 	LDI  R27,HIGH(2*@0+(@1))
                 	.ENDM
                 
                 	.MACRO __POINTD2FN
                 	LDI  R26,LOW(2*@0+(@1))
                 	LDI  R27,HIGH(2*@0+(@1))
                 	LDI  R24,BYTE3(2*@0+(@1))
                 	LDI  R25,BYTE4(2*@0+(@1))
                 	.ENDM
                 
                 	.MACRO __POINTBRM
                 	LDI  R@0,LOW(@1)
                 	.ENDM
                 
                 	.MACRO __POINTWRM
                 	LDI  R@0,LOW(@2)
                 	LDI  R@1,HIGH(@2)
                 	.ENDM
                 
                 	.MACRO __POINTBRMN
                 	LDI  R@0,LOW(@1+(@2))
                 	.ENDM
                 
                 	.MACRO __POINTWRMN
                 	LDI  R@0,LOW(@2+(@3))
                 	LDI  R@1,HIGH(@2+(@3))
                 	.ENDM
                 
                 	.MACRO __POINTWRFN
                 	LDI  R@0,LOW(@2*2+(@3))
                 	LDI  R@1,HIGH(@2*2+(@3))
                 	.ENDM
                 
                 	.MACRO __GETD1N
                 	LDI  R30,LOW(@0)
                 	LDI  R31,HIGH(@0)
                 	LDI  R22,BYTE3(@0)
                 	LDI  R23,BYTE4(@0)
                 	.ENDM
                 
                 	.MACRO __GETD2N
                 	LDI  R26,LOW(@0)
                 	LDI  R27,HIGH(@0)
                 	LDI  R24,BYTE3(@0)
                 	LDI  R25,BYTE4(@0)
                 	.ENDM
                 
                 	.MACRO __GETB1MN
                 	LDS  R30,@0+(@1)
                 	.ENDM
                 
                 	.MACRO __GETB1HMN
                 	LDS  R31,@0+(@1)
                 	.ENDM
                 
                 	.MACRO __GETW1MN
                 	LDS  R30,@0+(@1)
                 	LDS  R31,@0+(@1)+1
                 	.ENDM
                 
                 	.MACRO __GETD1MN
                 	LDS  R30,@0+(@1)
                 	LDS  R31,@0+(@1)+1
                 	LDS  R22,@0+(@1)+2
                 	LDS  R23,@0+(@1)+3
                 	.ENDM
                 
                 	.MACRO __GETBRMN
                 	LDS  R@0,@1+(@2)
                 	.ENDM
                 
                 	.MACRO __GETWRMN
                 	LDS  R@0,@2+(@3)
                 	LDS  R@1,@2+(@3)+1
                 	.ENDM
                 
                 	.MACRO __GETWRZ
                 	LDD  R@0,Z+@2
                 	LDD  R@1,Z+@2+1
                 	.ENDM
                 
                 	.MACRO __GETD2Z
                 	LDD  R26,Z+@0
                 	LDD  R27,Z+@0+1
                 	LDD  R24,Z+@0+2
                 	LDD  R25,Z+@0+3
                 	.ENDM
                 
                 	.MACRO __GETB2MN
                 	LDS  R26,@0+(@1)
                 	.ENDM
                 
                 	.MACRO __GETW2MN
                 	LDS  R26,@0+(@1)
                 	LDS  R27,@0+(@1)+1
                 	.ENDM
                 
                 	.MACRO __GETD2MN
                 	LDS  R26,@0+(@1)
                 	LDS  R27,@0+(@1)+1
                 	LDS  R24,@0+(@1)+2
                 	LDS  R25,@0+(@1)+3
                 	.ENDM
                 
                 	.MACRO __PUTB1MN
                 	STS  @0+(@1),R30
                 	.ENDM
                 
                 	.MACRO __PUTW1MN
                 	STS  @0+(@1),R30
                 	STS  @0+(@1)+1,R31
                 	.ENDM
                 
                 	.MACRO __PUTD1MN
                 	STS  @0+(@1),R30
                 	STS  @0+(@1)+1,R31
                 	STS  @0+(@1)+2,R22
                 	STS  @0+(@1)+3,R23
                 	.ENDM
                 
                 	.MACRO __PUTB1EN
                 	LDI  R26,LOW(@0+(@1))
                 	LDI  R27,HIGH(@0+(@1))
                 	CALL __EEPROMWRB
                 	.ENDM
                 
                 	.MACRO __PUTW1EN
                 	LDI  R26,LOW(@0+(@1))
                 	LDI  R27,HIGH(@0+(@1))
                 	CALL __EEPROMWRW
                 	.ENDM
                 
                 	.MACRO __PUTD1EN
                 	LDI  R26,LOW(@0+(@1))
                 	LDI  R27,HIGH(@0+(@1))
                 	CALL __EEPROMWRD
                 	.ENDM
                 
                 	.MACRO __PUTBR0MN
                 	STS  @0+(@1),R0
                 	.ENDM
                 
                 	.MACRO __PUTBMRN
                 	STS  @0+(@1),R@2
                 	.ENDM
                 
                 	.MACRO __PUTWMRN
                 	STS  @0+(@1),R@2
                 	STS  @0+(@1)+1,R@3
                 	.ENDM
                 
                 	.MACRO __PUTBZR
                 	STD  Z+@1,R@0
                 	.ENDM
                 
                 	.MACRO __PUTWZR
                 	STD  Z+@2,R@0
                 	STD  Z+@2+1,R@1
                 	.ENDM
                 
                 	.MACRO __GETW1R
                 	MOV  R30,R@0
                 	MOV  R31,R@1
                 	.ENDM
                 
                 	.MACRO __GETW2R
                 	MOV  R26,R@0
                 	MOV  R27,R@1
                 	.ENDM
                 
                 	.MACRO __GETWRN
                 	LDI  R@0,LOW(@2)
                 	LDI  R@1,HIGH(@2)
                 	.ENDM
                 
                 	.MACRO __PUTW1R
                 	MOV  R@0,R30
                 	MOV  R@1,R31
                 	.ENDM
                 
                 	.MACRO __PUTW2R
                 	MOV  R@0,R26
                 	MOV  R@1,R27
                 	.ENDM
                 
                 	.MACRO __ADDWRN
                 	SUBI R@0,LOW(-@2)
                 	SBCI R@1,HIGH(-@2)
                 	.ENDM
                 
                 	.MACRO __ADDWRR
                 	ADD  R@0,R@2
                 	ADC  R@1,R@3
                 	.ENDM
                 
                 	.MACRO __SUBWRN
                 	SUBI R@0,LOW(@2)
                 	SBCI R@1,HIGH(@2)
                 	.ENDM
                 
                 	.MACRO __SUBWRR
                 	SUB  R@0,R@2
                 	SBC  R@1,R@3
                 	.ENDM
                 
                 	.MACRO __ANDWRN
                 	ANDI R@0,LOW(@2)
                 	ANDI R@1,HIGH(@2)
                 	.ENDM
                 
                 	.MACRO __ANDWRR
                 	AND  R@0,R@2
                 	AND  R@1,R@3
                 	.ENDM
                 
                 	.MACRO __ORWRN
                 	ORI  R@0,LOW(@2)
                 	ORI  R@1,HIGH(@2)
                 	.ENDM
                 
                 	.MACRO __ORWRR
                 	OR   R@0,R@2
                 	OR   R@1,R@3
                 	.ENDM
                 
                 	.MACRO __EORWRR
                 	EOR  R@0,R@2
                 	EOR  R@1,R@3
                 	.ENDM
                 
                 	.MACRO __GETWRS
                 	LDD  R@0,Y+@2
                 	LDD  R@1,Y+@2+1
                 	.ENDM
                 
                 	.MACRO __PUTBSR
                 	STD  Y+@1,R@0
                 	.ENDM
                 
                 	.MACRO __PUTWSR
                 	STD  Y+@2,R@0
                 	STD  Y+@2+1,R@1
                 	.ENDM
                 
                 	.MACRO __MOVEWRR
                 	MOV  R@0,R@2
                 	MOV  R@1,R@3
                 	.ENDM
                 
                 	.MACRO __INWR
                 	IN   R@0,@2
                 	IN   R@1,@2+1
                 	.ENDM
                 
                 	.MACRO __OUTWR
                 	OUT  @2+1,R@1
                 	OUT  @2,R@0
                 	.ENDM
                 
                 	.MACRO __CALL1MN
                 	LDS  R30,@0+(@1)
                 	LDS  R31,@0+(@1)+1
                 	ICALL
                 	.ENDM
                 
                 	.MACRO __CALL1FN
                 	LDI  R30,LOW(2*@0+(@1))
                 	LDI  R31,HIGH(2*@0+(@1))
                 	CALL __GETW1PF
                 	ICALL
                 	.ENDM
                 
                 	.MACRO __CALL2EN
                 	PUSH R26
                 	PUSH R27
                 	LDI  R26,LOW(@0+(@1))
                 	LDI  R27,HIGH(@0+(@1))
                 	CALL __EEPROMRDW
                 	POP  R27
                 	POP  R26
                 	ICALL
                 	.ENDM
                 
                 	.MACRO __CALL2EX
                 	SUBI R26,LOW(-@0)
                 	SBCI R27,HIGH(-@0)
                 	CALL __EEPROMRDD
                 	ICALL
                 	.ENDM
                 
                 	.MACRO __GETW1STACK
                 	IN   R30,SPL
                 	IN   R31,SPH
                 	ADIW R30,@0+1
                 	LD   R0,Z+
                 	LD   R31,Z
                 	MOV  R30,R0
                 	.ENDM
                 
                 	.MACRO __GETD1STACK
                 	IN   R30,SPL
                 	IN   R31,SPH
                 	ADIW R30,@0+1
                 	LD   R0,Z+
                 	LD   R1,Z+
                 	LD   R22,Z
                 	MOVW R30,R0
                 	.ENDM
                 
                 	.MACRO __NBST
                 	BST  R@0,@1
                 	IN   R30,SREG
                 	LDI  R31,0x40
                 	EOR  R30,R31
                 	OUT  SREG,R30
                 	.ENDM
                 
                 
                 	.MACRO __PUTB1SN
                 	LDD  R26,Y+@0
                 	LDD  R27,Y+@0+1
                 	SUBI R26,LOW(-@1)
                 	SBCI R27,HIGH(-@1)
                 	ST   X,R30
                 	.ENDM
                 
                 	.MACRO __PUTW1SN
                 	LDD  R26,Y+@0
                 	LDD  R27,Y+@0+1
                 	SUBI R26,LOW(-@1)
                 	SBCI R27,HIGH(-@1)
                 	ST   X+,R30
                 	ST   X,R31
                 	.ENDM
                 
                 	.MACRO __PUTD1SN
                 	LDD  R26,Y+@0
                 	LDD  R27,Y+@0+1
                 	SUBI R26,LOW(-@1)
                 	SBCI R27,HIGH(-@1)
                 	CALL __PUTDP1
                 	.ENDM
                 
                 	.MACRO __PUTB1SNS
                 	LDD  R26,Y+@0
                 	LDD  R27,Y+@0+1
                 	ADIW R26,@1
                 	ST   X,R30
                 	.ENDM
                 
                 	.MACRO __PUTW1SNS
                 	LDD  R26,Y+@0
                 	LDD  R27,Y+@0+1
                 	ADIW R26,@1
                 	ST   X+,R30
                 	ST   X,R31
                 	.ENDM
                 
                 	.MACRO __PUTD1SNS
                 	LDD  R26,Y+@0
                 	LDD  R27,Y+@0+1
                 	ADIW R26,@1
                 	CALL __PUTDP1
                 	.ENDM
                 
                 	.MACRO __PUTB1PMN
                 	LDS  R26,@0
                 	LDS  R27,@0+1
                 	SUBI R26,LOW(-@1)
                 	SBCI R27,HIGH(-@1)
                 	ST   X,R30
                 	.ENDM
                 
                 	.MACRO __PUTW1PMN
                 	LDS  R26,@0
                 	LDS  R27,@0+1
                 	SUBI R26,LOW(-@1)
                 	SBCI R27,HIGH(-@1)
                 	ST   X+,R30
                 	ST   X,R31
                 	.ENDM
                 
                 	.MACRO __PUTD1PMN
                 	LDS  R26,@0
                 	LDS  R27,@0+1
                 	SUBI R26,LOW(-@1)
                 	SBCI R27,HIGH(-@1)
                 	CALL __PUTDP1
                 	.ENDM
                 
                 	.MACRO __PUTB1PMNS
                 	LDS  R26,@0
                 	LDS  R27,@0+1
                 	ADIW R26,@1
                 	ST   X,R30
                 	.ENDM
                 
                 	.MACRO __PUTW1PMNS
                 	LDS  R26,@0
                 	LDS  R27,@0+1
                 	ADIW R26,@1
                 	ST   X+,R30
                 	ST   X,R31
                 	.ENDM
                 
                 	.MACRO __PUTD1PMNS
                 	LDS  R26,@0
                 	LDS  R27,@0+1
                 	ADIW R26,@1
                 	CALL __PUTDP1
                 	.ENDM
                 
                 	.MACRO __PUTB1RN
                 	MOVW R26,R@0
                 	SUBI R26,LOW(-@1)
                 	SBCI R27,HIGH(-@1)
                 	ST   X,R30
                 	.ENDM
                 
                 	.MACRO __PUTW1RN
                 	MOVW R26,R@0
                 	SUBI R26,LOW(-@1)
                 	SBCI R27,HIGH(-@1)
                 	ST   X+,R30
                 	ST   X,R31
                 	.ENDM
                 
                 	.MACRO __PUTD1RN
                 	MOVW R26,R@0
                 	SUBI R26,LOW(-@1)
                 	SBCI R27,HIGH(-@1)
                 	CALL __PUTDP1
                 	.ENDM
                 
                 	.MACRO __PUTB1RNS
                 	MOVW R26,R@0
                 	ADIW R26,@1
                 	ST   X,R30
                 	.ENDM
                 
                 	.MACRO __PUTW1RNS
                 	MOVW R26,R@0
                 	ADIW R26,@1
                 	ST   X+,R30
                 	ST   X,R31
                 	.ENDM
                 
                 	.MACRO __PUTD1RNS
                 	MOVW R26,R@0
                 	ADIW R26,@1
                 	CALL __PUTDP1
                 	.ENDM
                 
                 	.MACRO __PUTB1RON
                 	MOV  R26,R@0
                 	MOV  R27,R@1
                 	SUBI R26,LOW(-@2)
                 	SBCI R27,HIGH(-@2)
                 	ST   X,R30
                 	.ENDM
                 
                 	.MACRO __PUTW1RON
                 	MOV  R26,R@0
                 	MOV  R27,R@1
                 	SUBI R26,LOW(-@2)
                 	SBCI R27,HIGH(-@2)
                 	ST   X+,R30
                 	ST   X,R31
                 	.ENDM
                 
                 	.MACRO __PUTD1RON
                 	MOV  R26,R@0
                 	MOV  R27,R@1
                 	SUBI R26,LOW(-@2)
                 	SBCI R27,HIGH(-@2)
                 	CALL __PUTDP1
                 	.ENDM
                 
                 	.MACRO __PUTB1RONS
                 	MOV  R26,R@0
                 	MOV  R27,R@1
                 	ADIW R26,@2
                 	ST   X,R30
                 	.ENDM
                 
                 	.MACRO __PUTW1RONS
                 	MOV  R26,R@0
                 	MOV  R27,R@1
                 	ADIW R26,@2
                 	ST   X+,R30
                 	ST   X,R31
                 	.ENDM
                 
                 	.MACRO __PUTD1RONS
                 	MOV  R26,R@0
                 	MOV  R27,R@1
                 	ADIW R26,@2
                 	CALL __PUTDP1
                 	.ENDM
                 
                 
                 	.MACRO __GETB1SX
                 	MOVW R30,R28
                 	SUBI R30,LOW(-@0)
                 	SBCI R31,HIGH(-@0)
                 	LD   R30,Z
                 	.ENDM
                 
                 	.MACRO __GETB1HSX
                 	MOVW R30,R28
                 	SUBI R30,LOW(-@0)
                 	SBCI R31,HIGH(-@0)
                 	LD   R31,Z
                 	.ENDM
                 
                 	.MACRO __GETW1SX
                 	MOVW R30,R28
                 	SUBI R30,LOW(-@0)
                 	SBCI R31,HIGH(-@0)
                 	LD   R0,Z+
                 	LD   R31,Z
                 	MOV  R30,R0
                 	.ENDM
                 
                 	.MACRO __GETD1SX
                 	MOVW R30,R28
                 	SUBI R30,LOW(-@0)
                 	SBCI R31,HIGH(-@0)
                 	LD   R0,Z+
                 	LD   R1,Z+
                 	LD   R22,Z+
                 	LD   R23,Z
                 	MOVW R30,R0
                 	.ENDM
                 
                 	.MACRO __GETB2SX
                 	MOVW R26,R28
                 	SUBI R26,LOW(-@0)
                 	SBCI R27,HIGH(-@0)
                 	LD   R26,X
                 	.ENDM
                 
                 	.MACRO __GETW2SX
                 	MOVW R26,R28
                 	SUBI R26,LOW(-@0)
                 	SBCI R27,HIGH(-@0)
                 	LD   R0,X+
                 	LD   R27,X
                 	MOV  R26,R0
                 	.ENDM
                 
                 	.MACRO __GETD2SX
                 	MOVW R26,R28
                 	SUBI R26,LOW(-@0)
                 	SBCI R27,HIGH(-@0)
                 	LD   R0,X+
                 	LD   R1,X+
                 	LD   R24,X+
                 	LD   R25,X
                 	MOVW R26,R0
                 	.ENDM
                 
                 	.MACRO __GETBRSX
                 	MOVW R30,R28
                 	SUBI R30,LOW(-@1)
                 	SBCI R31,HIGH(-@1)
                 	LD   R@0,Z
                 	.ENDM
                 
                 	.MACRO __GETWRSX
                 	MOVW R30,R28
                 	SUBI R30,LOW(-@2)
                 	SBCI R31,HIGH(-@2)
                 	LD   R@0,Z+
                 	LD   R@1,Z
                 	.ENDM
                 
                 	.MACRO __GETBRSX2
                 	MOVW R26,R28
                 	SUBI R26,LOW(-@1)
                 	SBCI R27,HIGH(-@1)
                 	LD   R@0,X
                 	.ENDM
                 
                 	.MACRO __GETWRSX2
                 	MOVW R26,R28
                 	SUBI R26,LOW(-@2)
                 	SBCI R27,HIGH(-@2)
                 	LD   R@0,X+
                 	LD   R@1,X
                 	.ENDM
                 
                 	.MACRO __LSLW8SX
                 	MOVW R30,R28
                 	SUBI R30,LOW(-@0)
                 	SBCI R31,HIGH(-@0)
                 	LD   R31,Z
                 	CLR  R30
                 	.ENDM
                 
                 	.MACRO __PUTB1SX
                 	MOVW R26,R28
                 	SUBI R26,LOW(-@0)
                 	SBCI R27,HIGH(-@0)
                 	ST   X,R30
                 	.ENDM
                 
                 	.MACRO __PUTW1SX
                 	MOVW R26,R28
                 	SUBI R26,LOW(-@0)
                 	SBCI R27,HIGH(-@0)
                 	ST   X+,R30
                 	ST   X,R31
                 	.ENDM
                 
                 	.MACRO __PUTD1SX
                 	MOVW R26,R28
                 	SUBI R26,LOW(-@0)
                 	SBCI R27,HIGH(-@0)
                 	ST   X+,R30
                 	ST   X+,R31
                 	ST   X+,R22
                 	ST   X,R23
                 	.ENDM
                 
                 	.MACRO __CLRW1SX
                 	MOVW R26,R28
                 	SUBI R26,LOW(-@0)
                 	SBCI R27,HIGH(-@0)
                 	ST   X+,R30
                 	ST   X,R30
                 	.ENDM
                 
                 	.MACRO __CLRD1SX
                 	MOVW R26,R28
                 	SUBI R26,LOW(-@0)
                 	SBCI R27,HIGH(-@0)
                 	ST   X+,R30
                 	ST   X+,R30
                 	ST   X+,R30
                 	ST   X,R30
                 	.ENDM
                 
                 	.MACRO __PUTB2SX
                 	MOVW R30,R28
                 	SUBI R30,LOW(-@0)
                 	SBCI R31,HIGH(-@0)
                 	ST   Z,R26
                 	.ENDM
                 
                 	.MACRO __PUTW2SX
                 	MOVW R30,R28
                 	SUBI R30,LOW(-@0)
                 	SBCI R31,HIGH(-@0)
                 	ST   Z+,R26
                 	ST   Z,R27
                 	.ENDM
                 
                 	.MACRO __PUTD2SX
                 	MOVW R30,R28
                 	SUBI R30,LOW(-@0)
                 	SBCI R31,HIGH(-@0)
                 	ST   Z+,R26
                 	ST   Z+,R27
                 	ST   Z+,R24
                 	ST   Z,R25
                 	.ENDM
                 
                 	.MACRO __PUTBSRX
                 	MOVW R30,R28
                 	SUBI R30,LOW(-@1)
                 	SBCI R31,HIGH(-@1)
                 	ST   Z,R@0
                 	.ENDM
                 
                 	.MACRO __PUTWSRX
                 	MOVW R30,R28
                 	SUBI R30,LOW(-@2)
                 	SBCI R31,HIGH(-@2)
                 	ST   Z+,R@0
                 	ST   Z,R@1
                 	.ENDM
                 
                 	.MACRO __PUTB1SNX
                 	MOVW R26,R28
                 	SUBI R26,LOW(-@0)
                 	SBCI R27,HIGH(-@0)
                 	LD   R0,X+
                 	LD   R27,X
                 	MOV  R26,R0
                 	SUBI R26,LOW(-@1)
                 	SBCI R27,HIGH(-@1)
                 	ST   X,R30
                 	.ENDM
                 
                 	.MACRO __PUTW1SNX
                 	MOVW R26,R28
                 	SUBI R26,LOW(-@0)
                 	SBCI R27,HIGH(-@0)
                 	LD   R0,X+
                 	LD   R27,X
                 	MOV  R26,R0
                 	SUBI R26,LOW(-@1)
                 	SBCI R27,HIGH(-@1)
                 	ST   X+,R30
                 	ST   X,R31
                 	.ENDM
                 
                 	.MACRO __PUTD1SNX
                 	MOVW R26,R28
                 	SUBI R26,LOW(-@0)
                 	SBCI R27,HIGH(-@0)
                 	LD   R0,X+
                 	LD   R27,X
                 	MOV  R26,R0
                 	SUBI R26,LOW(-@1)
                 	SBCI R27,HIGH(-@1)
                 	ST   X+,R30
                 	ST   X+,R31
                 	ST   X+,R22
                 	ST   X,R23
                 	.ENDM
                 
                 	.MACRO __MULBRR
                 	MULS R@0,R@1
                 	MOVW R30,R0
                 	.ENDM
                 
                 	.MACRO __MULBRRU
                 	MUL  R@0,R@1
                 	MOVW R30,R0
                 	.ENDM
                 
                 	.MACRO __MULBRR0
                 	MULS R@0,R@1
                 	.ENDM
                 
                 	.MACRO __MULBRRU0
                 	MUL  R@0,R@1
                 	.ENDM
                 
                 	.MACRO __MULBNWRU
                 	LDI  R26,@2
                 	MUL  R26,R@0
                 	MOVW R30,R0
                 	MUL  R26,R@1
                 	ADD  R31,R0
                 	.ENDM
                 
                 ;NAME DEFINITIONS FOR GLOBAL VARIABLES ALLOCATED TO REGISTERS
                 	.DEF _index=R4
                 	.DEF _index_msb=R5
                 
                 	.CSEG
                 	.ORG 0x00
                 
                 ;START OF CODE MARKER
                 __START_OF_CODE:
                 
                 ;INTERRUPT VECTORS
000000 940c 0039 	JMP  __RESET
000002 940c 0000 	JMP  0x00
000004 940c 0000 	JMP  0x00
000006 940c 0000 	JMP  0x00
000008 940c 0000 	JMP  0x00
00000a 940c 0000 	JMP  0x00
00000c 940c 0000 	JMP  0x00
00000e 940c 0000 	JMP  0x00
000010 940c 0000 	JMP  0x00
000012 940c 0000 	JMP  0x00
000014 940c 0000 	JMP  0x00
000016 940c 0000 	JMP  0x00
000018 940c 0000 	JMP  0x00
00001a 940c 0000 	JMP  0x00
00001c 940c 0000 	JMP  0x00
00001e 940c 0000 	JMP  0x00
000020 940c 0000 	JMP  0x00
000022 940c 0000 	JMP  0x00
000024 940c 0000 	JMP  0x00
000026 940c 0000 	JMP  0x00
000028 940c 0000 	JMP  0x00
                 
                 ;GLOBAL REGISTER VARIABLES INITIALIZATION
                 __REG_VARS:
00002a 0000      	.DB  0x0,0x0
                 
                 _0x3:
00002b 0000
00002c 3f80      	.DB  0x0,0x0,0x80,0x3F
                 _0x4:
00002d 0000
00002e 3f00      	.DB  0x0,0x0,0x0,0x3F
                 
                 __GLOBAL_INI_TBL:
00002f 0002      	.DW  0x02
000030 0004      	.DW  0x04
000031 0054      	.DW  __REG_VARS*2
                 
000032 0004      	.DW  0x04
000033 0160      	.DW  _sevenSegDelay
000034 0056      	.DW  _0x3*2
                 
000035 0004      	.DW  0x04
000036 016c      	.DW  _keypadDelay
000037 005a      	.DW  _0x4*2
                 
                 _0xFFFFFFFF:
000038 0000      	.DW  0
                 
                 #define __GLOBAL_INI_TBL_PRESENT 1
                 
                 __RESET:
000039 94f8      	CLI
00003a 27ee      	CLR  R30
00003b bbec      	OUT  EECR,R30
                 
                 ;INTERRUPT VECTORS ARE PLACED
                 ;AT THE START OF FLASH
00003c e0f1      	LDI  R31,1
00003d bffb      	OUT  GICR,R31
00003e bfeb      	OUT  GICR,R30
00003f bfe5      	OUT  MCUCR,R30
                 
                 ;CLEAR R2-R14
000040 e08d      	LDI  R24,(14-2)+1
000041 e0a2      	LDI  R26,2
000042 27bb      	CLR  R27
                 __CLEAR_REG:
000043 93ed      	ST   X+,R30
000044 958a      	DEC  R24
000045 f7e9      	BRNE __CLEAR_REG
                 
                 ;CLEAR SRAM
000046 e080      	LDI  R24,LOW(__CLEAR_SRAM_SIZE)
000047 e094      	LDI  R25,HIGH(__CLEAR_SRAM_SIZE)
000048 e6a0      	LDI  R26,__SRAM_START
                 __CLEAR_SRAM:
000049 93ed      	ST   X+,R30
00004a 9701      	SBIW R24,1
00004b f7e9      	BRNE __CLEAR_SRAM
                 
                 ;GLOBAL VARIABLES INITIALIZATION
00004c e5ee      	LDI  R30,LOW(__GLOBAL_INI_TBL*2)
00004d e0f0      	LDI  R31,HIGH(__GLOBAL_INI_TBL*2)
                 __GLOBAL_INI_NEXT:
00004e 9185      	LPM  R24,Z+
00004f 9195      	LPM  R25,Z+
000050 9700      	SBIW R24,0
000051 f061      	BREQ __GLOBAL_INI_END
000052 91a5      	LPM  R26,Z+
000053 91b5      	LPM  R27,Z+
000054 9005      	LPM  R0,Z+
000055 9015      	LPM  R1,Z+
000056 01bf      	MOVW R22,R30
000057 01f0      	MOVW R30,R0
                 __GLOBAL_INI_LOOP:
000058 9005      	LPM  R0,Z+
000059 920d      	ST   X+,R0
00005a 9701      	SBIW R24,1
00005b f7e1      	BRNE __GLOBAL_INI_LOOP
00005c 01fb      	MOVW R30,R22
00005d cff0      	RJMP __GLOBAL_INI_NEXT
                 __GLOBAL_INI_END:
                 
                 ;HARDWARE STACK POINTER INITIALIZATION
00005e e5ef      	LDI  R30,LOW(__SRAM_END-__HEAP_SIZE)
00005f bfed      	OUT  SPL,R30
000060 e0e4      	LDI  R30,HIGH(__SRAM_END-__HEAP_SIZE)
000061 bfee      	OUT  SPH,R30
                 
                 ;DATA STACK POINTER INITIALIZATION
000062 e6c0      	LDI  R28,LOW(__SRAM_START+__DSTACK_SIZE)
000063 e0d1      	LDI  R29,HIGH(__SRAM_START+__DSTACK_SIZE)
                 
000064 940c 0101 	JMP  _main
                 
                 	.ESEG
                 	.ORG 0
                 
                 	.DSEG
                 	.ORG 0x160
                 
                 	.CSEG
                 ;/*******************************************************
                 ;This program was created by the
                 ;CodeWizardAVR V3.12 Advanced
                 ;Automatic Program Generator
                 ;© Copyright 1998-2014 Pavel Haiduc, HP InfoTech s.r.l.
                 ;http://www.hpinfotech.com
                 ;
                 ;Project :
                 ;Version :
                 ;Date    : 07/04/2020
                 ;Author  :
                 ;Company :
                 ;Comments:
                 ;
                 ;
                 ;Chip type               : ATmega16
                 ;Program type            : Application
                 ;AVR Core Clock frequency: 8/000000 MHz
                 ;Memory model            : Small
                 ;External RAM size       : 0
                 ;Data Stack size         : 256
                 ;*******************************************************/
                 ;
                 ;#include <mega16.h>
                 	#ifndef __SLEEP_DEFINED__
                 	#define __SLEEP_DEFINED__
                 	.EQU __se_bit=0x40
                 	.EQU __sm_mask=0xB0
                 	.EQU __sm_powerdown=0x20
                 	.EQU __sm_powersave=0x30
                 	.EQU __sm_standby=0xA0
                 	.EQU __sm_ext_standby=0xB0
                 	.EQU __sm_adc_noise_red=0x10
                 	.SET power_ctrl_reg=mcucr
                 	#endif
                 ;#include <delay.h>
                 ;// Declare your global variables here
                 ;
                 ;float sevenSegDelay = 1;
                 
                 	.DSEG
                 ;int numbers[4] = {0,0,0,0};
                 ;int index = 0;
                 ;float keypadDelay = 0.5;
                 ;
                 ;
                 ;void deactivateAllComs(){
                 ; 0000 0022 void deactivateAllComs(){
                 
                 	.CSEG
                 _deactivateAllComs:
                 ; .FSTART _deactivateAllComs
                 ; 0000 0023 
                 ; 0000 0024           PORTD.0=1;
000066 9a90      	SBI  0x12,0
                 ; 0000 0025           PORTD.1=1;
000067 9a91      	SBI  0x12,1
                 ; 0000 0026           PORTD.2 =1;
000068 9a92      	SBI  0x12,2
                 ; 0000 0027           PORTD.3 = 1;
000069 9a93      	SBI  0x12,3
                 ; 0000 0028 
                 ; 0000 0029 }
00006a 9508      	RET
                 ; .FEND
                 ;
                 ;
                 ;void updateSevenSegment(){
                 ; 0000 002C void updateSevenSegment(){
                 _updateSevenSegment:
                 ; .FSTART _updateSevenSegment
                 ; 0000 002D 
                 ; 0000 002E  // activate com of target 7segment
                 ; 0000 002F           PORTD.0=0;
00006b 9890      	CBI  0x12,0
                 ; 0000 0030           PORTD.1=1;
00006c 9a91      	SBI  0x12,1
                 ; 0000 0031           PORTD.2 =1;
00006d 9a92      	SBI  0x12,2
                 ; 0000 0032           PORTD.3 = 1;
00006e 9a93      	SBI  0x12,3
                 ; 0000 0033           // put the number on portC
                 ; 0000 0034           PORTC = numbers[0] ;
00006f 91e0 0164 	LDS  R30,_numbers
000071 d0c1      	RCALL SUBOPT_0x0
                 ; 0000 0035 
                 ; 0000 0036           delay_ms(sevenSegDelay);
                 ; 0000 0037 
                 ; 0000 0038          deactivateAllComs();
                 ; 0000 0039 
                 ; 0000 003A           PORTD.0=1;
                 ; 0000 003B           PORTD.1=0;
000072 9891      	CBI  0x12,1
                 ; 0000 003C           PORTD.2 =1;
000073 9a92      	SBI  0x12,2
                 ; 0000 003D           PORTD.3 = 1;
000074 9a93      	SBI  0x12,3
                 ; 0000 003E 
                 ; 0000 003F           PORTC = numbers[1];
                +
000075 91e0 0166+LDS R30 , _numbers + ( 2 )
                 	__GETB1MN _numbers,2
000077 d0bb      	RCALL SUBOPT_0x0
                 ; 0000 0040 
                 ; 0000 0041           delay_ms(sevenSegDelay);
                 ; 0000 0042 
                 ; 0000 0043         deactivateAllComs();
                 ; 0000 0044 
                 ; 0000 0045 
                 ; 0000 0046           PORTD.0=1;
                 ; 0000 0047           PORTD.1=1;
000078 9a91      	SBI  0x12,1
                 ; 0000 0048           PORTD.2 =0;
000079 9892      	CBI  0x12,2
                 ; 0000 0049           PORTD.3 = 1;
00007a 9a93      	SBI  0x12,3
                 ; 0000 004A 
                 ; 0000 004B 
                 ; 0000 004C           PORTC = numbers[2];
                +
00007b 91e0 0168+LDS R30 , _numbers + ( 4 )
                 	__GETB1MN _numbers,4
00007d d0b5      	RCALL SUBOPT_0x0
                 ; 0000 004D 
                 ; 0000 004E           delay_ms(sevenSegDelay);
                 ; 0000 004F 
                 ; 0000 0050          deactivateAllComs();
                 ; 0000 0051 
                 ; 0000 0052           PORTD.0=1;
                 ; 0000 0053           PORTD.1=1;
00007e 9a91      	SBI  0x12,1
                 ; 0000 0054           PORTD.2 =1;
00007f 9a92      	SBI  0x12,2
                 ; 0000 0055           PORTD.3 = 0;
000080 9893      	CBI  0x12,3
                 ; 0000 0056 
                 ; 0000 0057 
                 ; 0000 0058           PORTC = numbers[3];
                +
000081 91e0 016a+LDS R30 , _numbers + ( 6 )
                 	__GETB1MN _numbers,6
000083 bbe5      	OUT  0x15,R30
                 ; 0000 0059 
                 ; 0000 005A           delay_ms(sevenSegDelay);
000084 91e0 0160 	LDS  R30,_sevenSegDelay
000086 91f0 0161 	LDS  R31,_sevenSegDelay+1
000088 9160 0162 	LDS  R22,_sevenSegDelay+2
00008a 9170 0163 	LDS  R23,_sevenSegDelay+3
00008c d0b7      	RCALL SUBOPT_0x1
                 ; 0000 005B 
                 ; 0000 005C           deactivateAllComs();
00008d dfd8      	RCALL _deactivateAllComs
                 ; 0000 005D 
                 ; 0000 005E }
00008e 9508      	RET
                 ; .FEND
                 ;
                 ;
                 ;void updateIndex(){
                 ; 0000 0061 void updateIndex(){
                 _updateIndex:
                 ; .FSTART _updateIndex
                 ; 0000 0062 
                 ; 0000 0063     index +=1;
00008f 01f2      	MOVW R30,R4
000090 9631      	ADIW R30,1
000091 012f      	MOVW R4,R30
                 ; 0000 0064 
                 ; 0000 0065     if(index >3){
000092 e0e3      	LDI  R30,LOW(3)
000093 e0f0      	LDI  R31,HIGH(3)
000094 15e4      	CP   R30,R4
000095 05f5      	CPC  R31,R5
000096 f414      	BRGE _0x2D
                 ; 0000 0066      index = 0;
000097 2444      	CLR  R4
000098 2455      	CLR  R5
                 ; 0000 0067     }
                 ; 0000 0068 }
                 _0x2D:
000099 9508      	RET
                 ; .FEND
                 ;
                 ;void checkKeypad(){
                 ; 0000 006A void checkKeypad(){
                 _checkKeypad:
                 ; .FSTART _checkKeypad
                 ; 0000 006B 
                 ; 0000 006C     // SECOND ROW
                 ; 0000 006D       PORTB.3 = 0;
00009a 98c3      	CBI  0x18,3
                 ; 0000 006E       PORTB.4 = 1;
00009b 9ac4      	SBI  0x18,4
                 ; 0000 006F       PORTB.5 = 1;
00009c d0ac      	RCALL SUBOPT_0x2
                 ; 0000 0070       PORTB.6 = 1;
                 ; 0000 0071 
                 ; 0000 0072 
                 ; 0000 0073       delay_ms(keypadDelay) ;
                 ; 0000 0074 
                 ; 0000 0075       if (PINB.0 == 0){
00009d 99b0      	SBIC 0x16,0
00009e c007      	RJMP _0x36
                 ; 0000 0076 
                 ; 0000 0077         numbers[index] = 1;
00009f d0b4      	RCALL SUBOPT_0x3
0000a0 e0e1      	LDI  R30,LOW(1)
0000a1 e0f0      	LDI  R31,HIGH(1)
0000a2 d0b9      	RCALL SUBOPT_0x4
                 ; 0000 0078         updateIndex();
                 ; 0000 0079 
                 ; 0000 007A         // avoid multiple clicking
                 ; 0000 007B         while(PINB.0==0);
                 _0x37:
0000a3 9bb0      	SBIS 0x16,0
0000a4 cffe      	RJMP _0x37
                 ; 0000 007C       }
                 ; 0000 007D 
                 ; 0000 007E        else if (PINB.1 == 0){
0000a5 c011      	RJMP _0x3A
                 _0x36:
0000a6 99b1      	SBIC 0x16,1
0000a7 c007      	RJMP _0x3B
                 ; 0000 007F 
                 ; 0000 0080        numbers[index] = 2;
0000a8 d0ab      	RCALL SUBOPT_0x3
0000a9 e0e2      	LDI  R30,LOW(2)
0000aa e0f0      	LDI  R31,HIGH(2)
0000ab d0b0      	RCALL SUBOPT_0x4
                 ; 0000 0081         updateIndex();
                 ; 0000 0082 
                 ; 0000 0083         while(PINB.1==0);
                 _0x3C:
0000ac 9bb1      	SBIS 0x16,1
0000ad cffe      	RJMP _0x3C
                 ; 0000 0084       }
                 ; 0000 0085 
                 ; 0000 0086       else if (PINB.2 == 0){
0000ae c008      	RJMP _0x3F
                 _0x3B:
0000af 99b2      	SBIC 0x16,2
0000b0 c006      	RJMP _0x40
                 ; 0000 0087 
                 ; 0000 0088         numbers[index] = 3;
0000b1 d0a2      	RCALL SUBOPT_0x3
0000b2 e0e3      	LDI  R30,LOW(3)
0000b3 e0f0      	LDI  R31,HIGH(3)
0000b4 d0a7      	RCALL SUBOPT_0x4
                 ; 0000 0089         updateIndex();
                 ; 0000 008A 
                 ; 0000 008B 
                 ; 0000 008C         while(PINB.2==0);
                 _0x41:
0000b5 9bb2      	SBIS 0x16,2
0000b6 cffe      	RJMP _0x41
                 ; 0000 008D 
                 ; 0000 008E       }
                 ; 0000 008F 
                 ; 0000 0090 
                 ; 0000 0091 
                 ; 0000 0092 
                 ; 0000 0093       // second row
                 ; 0000 0094       PORTB.3 = 1;
                 _0x40:
                 _0x3F:
                 _0x3A:
0000b7 9ac3      	SBI  0x18,3
                 ; 0000 0095       PORTB.4 = 0;
0000b8 98c4      	CBI  0x18,4
                 ; 0000 0096       PORTB.5 = 1;
0000b9 d08f      	RCALL SUBOPT_0x2
                 ; 0000 0097       PORTB.6 = 1;
                 ; 0000 0098 
                 ; 0000 0099 
                 ; 0000 009A       delay_ms(keypadDelay) ;
                 ; 0000 009B 
                 ; 0000 009C       if (PINB.0 == 0){
0000ba 99b0      	SBIC 0x16,0
0000bb c007      	RJMP _0x4C
                 ; 0000 009D 
                 ; 0000 009E         numbers[index] = 4;
0000bc d097      	RCALL SUBOPT_0x3
0000bd e0e4      	LDI  R30,LOW(4)
0000be e0f0      	LDI  R31,HIGH(4)
0000bf d09c      	RCALL SUBOPT_0x4
                 ; 0000 009F         updateIndex();
                 ; 0000 00A0 
                 ; 0000 00A1        while(PINB.0==0);
                 _0x4D:
0000c0 9bb0      	SBIS 0x16,0
0000c1 cffe      	RJMP _0x4D
                 ; 0000 00A2       }
                 ; 0000 00A3 
                 ; 0000 00A4        else if (PINB.1 == 0){
0000c2 c011      	RJMP _0x50
                 _0x4C:
0000c3 99b1      	SBIC 0x16,1
0000c4 c007      	RJMP _0x51
                 ; 0000 00A5 
                 ; 0000 00A6        numbers[index] = 5;
0000c5 d08e      	RCALL SUBOPT_0x3
0000c6 e0e5      	LDI  R30,LOW(5)
0000c7 e0f0      	LDI  R31,HIGH(5)
0000c8 d093      	RCALL SUBOPT_0x4
                 ; 0000 00A7         updateIndex();
                 ; 0000 00A8 
                 ; 0000 00A9          while(PINB.1==0);
                 _0x52:
0000c9 9bb1      	SBIS 0x16,1
0000ca cffe      	RJMP _0x52
                 ; 0000 00AA       }
                 ; 0000 00AB 
                 ; 0000 00AC       else if (PINB.2 == 0){
0000cb c008      	RJMP _0x55
                 _0x51:
0000cc 99b2      	SBIC 0x16,2
0000cd c006      	RJMP _0x56
                 ; 0000 00AD 
                 ; 0000 00AE         numbers[index] = 6;
0000ce d085      	RCALL SUBOPT_0x3
0000cf e0e6      	LDI  R30,LOW(6)
0000d0 e0f0      	LDI  R31,HIGH(6)
0000d1 d08a      	RCALL SUBOPT_0x4
                 ; 0000 00AF         updateIndex();
                 ; 0000 00B0 
                 ; 0000 00B1         while(PINB.2==0);
                 _0x57:
0000d2 9bb2      	SBIS 0x16,2
0000d3 cffe      	RJMP _0x57
                 ; 0000 00B2       }
                 ; 0000 00B3 
                 ; 0000 00B4 
                 ; 0000 00B5 
                 ; 0000 00B6        // third row
                 ; 0000 00B7 
                 ; 0000 00B8       PORTB.3 = 1;
                 _0x56:
                 _0x55:
                 _0x50:
0000d4 9ac3      	SBI  0x18,3
                 ; 0000 00B9       PORTB.4 = 1;
0000d5 9ac4      	SBI  0x18,4
                 ; 0000 00BA       PORTB.5 = 0;
0000d6 98c5      	CBI  0x18,5
                 ; 0000 00BB       PORTB.6 = 1;
0000d7 9ac6      	SBI  0x18,6
                 ; 0000 00BC 
                 ; 0000 00BD 
                 ; 0000 00BE       delay_ms(keypadDelay) ;
0000d8 d086      	RCALL SUBOPT_0x5
                 ; 0000 00BF 
                 ; 0000 00C0       if (PINB.0 == 0){
0000d9 99b0      	SBIC 0x16,0
0000da c007      	RJMP _0x62
                 ; 0000 00C1 
                 ; 0000 00C2         numbers[index] = 7;
0000db d078      	RCALL SUBOPT_0x3
0000dc e0e7      	LDI  R30,LOW(7)
0000dd e0f0      	LDI  R31,HIGH(7)
0000de d07d      	RCALL SUBOPT_0x4
                 ; 0000 00C3         updateIndex();
                 ; 0000 00C4 
                 ; 0000 00C5 
                 ; 0000 00C6       while(PINB.0==0);
                 _0x63:
0000df 9bb0      	SBIS 0x16,0
0000e0 cffe      	RJMP _0x63
                 ; 0000 00C7       }
                 ; 0000 00C8 
                 ; 0000 00C9        else if (PINB.1 == 0){
0000e1 c011      	RJMP _0x66
                 _0x62:
0000e2 99b1      	SBIC 0x16,1
0000e3 c007      	RJMP _0x67
                 ; 0000 00CA 
                 ; 0000 00CB        numbers[index] = 8;
0000e4 d06f      	RCALL SUBOPT_0x3
0000e5 e0e8      	LDI  R30,LOW(8)
0000e6 e0f0      	LDI  R31,HIGH(8)
0000e7 d074      	RCALL SUBOPT_0x4
                 ; 0000 00CC         updateIndex();
                 ; 0000 00CD 
                 ; 0000 00CE          while(PINB.1==0);
                 _0x68:
0000e8 9bb1      	SBIS 0x16,1
0000e9 cffe      	RJMP _0x68
                 ; 0000 00CF       }
                 ; 0000 00D0 
                 ; 0000 00D1       else if (PINB.2 == 0){
0000ea c008      	RJMP _0x6B
                 _0x67:
0000eb 99b2      	SBIC 0x16,2
0000ec c006      	RJMP _0x6C
                 ; 0000 00D2 
                 ; 0000 00D3         numbers[index] = 9;
0000ed d066      	RCALL SUBOPT_0x3
0000ee e0e9      	LDI  R30,LOW(9)
0000ef e0f0      	LDI  R31,HIGH(9)
0000f0 d06b      	RCALL SUBOPT_0x4
                 ; 0000 00D4         updateIndex();
                 ; 0000 00D5 
                 ; 0000 00D6 
                 ; 0000 00D7         while(PINB.2==0);
                 _0x6D:
0000f1 9bb2      	SBIS 0x16,2
0000f2 cffe      	RJMP _0x6D
                 ; 0000 00D8       }
                 ; 0000 00D9 
                 ; 0000 00DA 
                 ; 0000 00DB 
                 ; 0000 00DC       // in the last row just look for pressing 0
                 ; 0000 00DD 
                 ; 0000 00DE       PORTB.3 = 1;
                 _0x6C:
                 _0x6B:
                 _0x66:
0000f3 9ac3      	SBI  0x18,3
                 ; 0000 00DF       PORTB.4 = 1;
0000f4 9ac4      	SBI  0x18,4
                 ; 0000 00E0       PORTB.5 = 1;
0000f5 9ac5      	SBI  0x18,5
                 ; 0000 00E1       PORTB.6 = 0;
0000f6 98c6      	CBI  0x18,6
                 ; 0000 00E2 
                 ; 0000 00E3 
                 ; 0000 00E4       delay_ms(keypadDelay) ;
0000f7 d067      	RCALL SUBOPT_0x5
                 ; 0000 00E5 
                 ; 0000 00E6       if (PINB.1 == 0){
0000f8 99b1      	SBIC 0x16,1
0000f9 c006      	RJMP _0x78
                 ; 0000 00E7 
                 ; 0000 00E8         numbers[index] = 0;
0000fa d059      	RCALL SUBOPT_0x3
0000fb e0e0      	LDI  R30,LOW(0)
0000fc e0f0      	LDI  R31,HIGH(0)
0000fd d05e      	RCALL SUBOPT_0x4
                 ; 0000 00E9         updateIndex();
                 ; 0000 00EA 
                 ; 0000 00EB          while(PINB.1==0);
                 _0x79:
0000fe 9bb1      	SBIS 0x16,1
0000ff cffe      	RJMP _0x79
                 ; 0000 00EC       }
                 ; 0000 00ED 
                 ; 0000 00EE }
                 _0x78:
000100 9508      	RET
                 ; .FEND
                 ;
                 ;void main(void)
                 ; 0000 00F1 {
                 _main:
                 ; .FSTART _main
                 ; 0000 00F2 // Declare your local variables here
                 ; 0000 00F3 
                 ; 0000 00F4 // Input/Output Ports initialization
                 ; 0000 00F5 // Port A initialization
                 ; 0000 00F6 // Function: Bit7=In Bit6=In Bit5=In Bit4=In Bit3=In Bit2=In Bit1=In Bit0=In
                 ; 0000 00F7 DDRA=(0<<DDA7) | (0<<DDA6) | (0<<DDA5) | (0<<DDA4) | (0<<DDA3) | (0<<DDA2) | (0<<DDA1) | (0<<DDA0);
000101 e0e0      	LDI  R30,LOW(0)
000102 bbea      	OUT  0x1A,R30
                 ; 0000 00F8 // State: Bit7=T Bit6=T Bit5=T Bit4=T Bit3=T Bit2=T Bit1=T Bit0=T
                 ; 0000 00F9 PORTA=(0<<PORTA7) | (0<<PORTA6) | (0<<PORTA5) | (0<<PORTA4) | (0<<PORTA3) | (0<<PORTA2) | (0<<PORTA1) | (0<<PORTA0);
000103 bbeb      	OUT  0x1B,R30
                 ; 0000 00FA 
                 ; 0000 00FB // Port B initialization
                 ; 0000 00FC // Function: Bit7=Out Bit6=Out Bit5=Out Bit4=Out Bit3=Out Bit2=In Bit1=In Bit0=In
                 ; 0000 00FD DDRB=(1<<DDB7) | (1<<DDB6) | (1<<DDB5) | (1<<DDB4) | (1<<DDB3) | (0<<DDB2) | (0<<DDB1) | (0<<DDB0);
000104 efe8      	LDI  R30,LOW(248)
000105 bbe7      	OUT  0x17,R30
                 ; 0000 00FE // State: Bit7=0 Bit6=0 Bit5=0 Bit4=0 Bit3=0 Bit2=T Bit1=T Bit0=T
                 ; 0000 00FF PORTB=(0<<PORTB7) | (0<<PORTB6) | (0<<PORTB5) | (0<<PORTB4) | (0<<PORTB3) | (0<<PORTB2) | (0<<PORTB1) | (0<<PORTB0);
000106 e0e0      	LDI  R30,LOW(0)
000107 bbe8      	OUT  0x18,R30
                 ; 0000 0100 
                 ; 0000 0101 // Port C initialization
                 ; 0000 0102 // Function: Bit7=Out Bit6=Out Bit5=Out Bit4=Out Bit3=Out Bit2=Out Bit1=Out Bit0=Out
                 ; 0000 0103 DDRC=(1<<DDC7) | (1<<DDC6) | (1<<DDC5) | (1<<DDC4) | (1<<DDC3) | (1<<DDC2) | (1<<DDC1) | (1<<DDC0);
000108 efef      	LDI  R30,LOW(255)
000109 bbe4      	OUT  0x14,R30
                 ; 0000 0104 // State: Bit7=0 Bit6=0 Bit5=0 Bit4=0 Bit3=0 Bit2=0 Bit1=0 Bit0=0
                 ; 0000 0105 PORTC=(0<<PORTC7) | (0<<PORTC6) | (0<<PORTC5) | (0<<PORTC4) | (0<<PORTC3) | (0<<PORTC2) | (0<<PORTC1) | (0<<PORTC0);
00010a e0e0      	LDI  R30,LOW(0)
00010b bbe5      	OUT  0x15,R30
                 ; 0000 0106 
                 ; 0000 0107 // Port D initialization
                 ; 0000 0108 // Function: Bit7=Out Bit6=Out Bit5=Out Bit4=Out Bit3=Out Bit2=Out Bit1=Out Bit0=Out
                 ; 0000 0109 DDRD=(1<<DDD7) | (1<<DDD6) | (1<<DDD5) | (1<<DDD4) | (1<<DDD3) | (1<<DDD2) | (1<<DDD1) | (1<<DDD0);
00010c efef      	LDI  R30,LOW(255)
00010d bbe1      	OUT  0x11,R30
                 ; 0000 010A // State: Bit7=0 Bit6=0 Bit5=0 Bit4=0 Bit3=0 Bit2=0 Bit1=0 Bit0=0
                 ; 0000 010B PORTD=(0<<PORTD7) | (0<<PORTD6) | (0<<PORTD5) | (0<<PORTD4) | (0<<PORTD3) | (0<<PORTD2) | (0<<PORTD1) | (0<<PORTD0);
00010e e0e0      	LDI  R30,LOW(0)
00010f bbe2      	OUT  0x12,R30
                 ; 0000 010C 
                 ; 0000 010D // Timer/Counter 0 initialization
                 ; 0000 010E // Clock source: System Clock
                 ; 0000 010F // Clock value: Timer 0 Stopped
                 ; 0000 0110 // Mode: Normal top=0xFF
                 ; 0000 0111 // OC0 output: Disconnected
                 ; 0000 0112 TCCR0=(0<<WGM00) | (0<<COM01) | (0<<COM00) | (0<<WGM01) | (0<<CS02) | (0<<CS01) | (0<<CS00);
000110 bfe3      	OUT  0x33,R30
                 ; 0000 0113 TCNT0=0x00;
000111 bfe2      	OUT  0x32,R30
                 ; 0000 0114 OCR0=0x00;
000112 bfec      	OUT  0x3C,R30
                 ; 0000 0115 
                 ; 0000 0116 // Timer/Counter 1 initialization
                 ; 0000 0117 // Clock source: System Clock
                 ; 0000 0118 // Clock value: Timer1 Stopped
                 ; 0000 0119 // Mode: Normal top=0xFFFF
                 ; 0000 011A // OC1A output: Disconnected
                 ; 0000 011B // OC1B output: Disconnected
                 ; 0000 011C // Noise Canceler: Off
                 ; 0000 011D // Input Capture on Falling Edge
                 ; 0000 011E // Timer1 Overflow Interrupt: Off
                 ; 0000 011F // Input Capture Interrupt: Off
                 ; 0000 0120 // Compare A Match Interrupt: Off
                 ; 0000 0121 // Compare B Match Interrupt: Off
                 ; 0000 0122 TCCR1A=(0<<COM1A1) | (0<<COM1A0) | (0<<COM1B1) | (0<<COM1B0) | (0<<WGM11) | (0<<WGM10);
000113 bdef      	OUT  0x2F,R30
                 ; 0000 0123 TCCR1B=(0<<ICNC1) | (0<<ICES1) | (0<<WGM13) | (0<<WGM12) | (0<<CS12) | (0<<CS11) | (0<<CS10);
000114 bdee      	OUT  0x2E,R30
                 ; 0000 0124 TCNT1H=0x00;
000115 bded      	OUT  0x2D,R30
                 ; 0000 0125 TCNT1L=0x00;
000116 bdec      	OUT  0x2C,R30
                 ; 0000 0126 ICR1H=0x00;
000117 bde7      	OUT  0x27,R30
                 ; 0000 0127 ICR1L=0x00;
000118 bde6      	OUT  0x26,R30
                 ; 0000 0128 OCR1AH=0x00;
000119 bdeb      	OUT  0x2B,R30
                 ; 0000 0129 OCR1AL=0x00;
00011a bdea      	OUT  0x2A,R30
                 ; 0000 012A OCR1BH=0x00;
00011b bde9      	OUT  0x29,R30
                 ; 0000 012B OCR1BL=0x00;
00011c bde8      	OUT  0x28,R30
                 ; 0000 012C 
                 ; 0000 012D // Timer/Counter 2 initialization
                 ; 0000 012E // Clock source: System Clock
                 ; 0000 012F // Clock value: Timer2 Stopped
                 ; 0000 0130 // Mode: Normal top=0xFF
                 ; 0000 0131 // OC2 output: Disconnected
                 ; 0000 0132 ASSR=0<<AS2;
00011d bde2      	OUT  0x22,R30
                 ; 0000 0133 TCCR2=(0<<PWM2) | (0<<COM21) | (0<<COM20) | (0<<CTC2) | (0<<CS22) | (0<<CS21) | (0<<CS20);
00011e bde5      	OUT  0x25,R30
                 ; 0000 0134 TCNT2=0x00;
00011f bde4      	OUT  0x24,R30
                 ; 0000 0135 OCR2=0x00;
000120 bde3      	OUT  0x23,R30
                 ; 0000 0136 
                 ; 0000 0137 // Timer(s)/Counter(s) Interrupt(s) initialization
                 ; 0000 0138 TIMSK=(0<<OCIE2) | (0<<TOIE2) | (0<<TICIE1) | (0<<OCIE1A) | (0<<OCIE1B) | (0<<TOIE1) | (0<<OCIE0) | (0<<TOIE0);
000121 bfe9      	OUT  0x39,R30
                 ; 0000 0139 
                 ; 0000 013A // External Interrupt(s) initialization
                 ; 0000 013B // INT0: Off
                 ; 0000 013C // INT1: Off
                 ; 0000 013D // INT2: Off
                 ; 0000 013E MCUCR=(0<<ISC11) | (0<<ISC10) | (0<<ISC01) | (0<<ISC00);
000122 bfe5      	OUT  0x35,R30
                 ; 0000 013F MCUCSR=(0<<ISC2);
000123 bfe4      	OUT  0x34,R30
                 ; 0000 0140 
                 ; 0000 0141 // USART initialization
                 ; 0000 0142 // USART disabled
                 ; 0000 0143 UCSRB=(0<<RXCIE) | (0<<TXCIE) | (0<<UDRIE) | (0<<RXEN) | (0<<TXEN) | (0<<UCSZ2) | (0<<RXB8) | (0<<TXB8);
000124 b9ea      	OUT  0xA,R30
                 ; 0000 0144 
                 ; 0000 0145 // Analog Comparator initialization
                 ; 0000 0146 // Analog Comparator: Off
                 ; 0000 0147 // The Analog Comparator's positive input is
                 ; 0000 0148 // connected to the AIN0 pin
                 ; 0000 0149 // The Analog Comparator's negative input is
                 ; 0000 014A // connected to the AIN1 pin
                 ; 0000 014B ACSR=(1<<ACD) | (0<<ACBG) | (0<<ACO) | (0<<ACI) | (0<<ACIE) | (0<<ACIC) | (0<<ACIS1) | (0<<ACIS0);
000125 e8e0      	LDI  R30,LOW(128)
000126 b9e8      	OUT  0x8,R30
                 ; 0000 014C SFIOR=(0<<ACME);
000127 e0e0      	LDI  R30,LOW(0)
000128 bfe0      	OUT  0x30,R30
                 ; 0000 014D 
                 ; 0000 014E // ADC initialization
                 ; 0000 014F // ADC disabled
                 ; 0000 0150 ADCSRA=(0<<ADEN) | (0<<ADSC) | (0<<ADATE) | (0<<ADIF) | (0<<ADIE) | (0<<ADPS2) | (0<<ADPS1) | (0<<ADPS0);
000129 b9e6      	OUT  0x6,R30
                 ; 0000 0151 
                 ; 0000 0152 // SPI initialization
                 ; 0000 0153 // SPI disabled
                 ; 0000 0154 SPCR=(0<<SPIE) | (0<<SPE) | (0<<DORD) | (0<<MSTR) | (0<<CPOL) | (0<<CPHA) | (0<<SPR1) | (0<<SPR0);
00012a b9ed      	OUT  0xD,R30
                 ; 0000 0155 
                 ; 0000 0156 // TWI initialization
                 ; 0000 0157 // TWI disabled
                 ; 0000 0158 TWCR=(0<<TWEA) | (0<<TWSTA) | (0<<TWSTO) | (0<<TWEN) | (0<<TWIE);
00012b bfe6      	OUT  0x36,R30
                 ; 0000 0159 
                 ; 0000 015A 
                 ; 0000 015B       PORTB.0=1;
00012c 9ac0      	SBI  0x18,0
                 ; 0000 015C       PORTB.1=1;
00012d 9ac1      	SBI  0x18,1
                 ; 0000 015D       PORTB.2=1;
00012e 9ac2      	SBI  0x18,2
                 ; 0000 015E 
                 ; 0000 015F 
                 ; 0000 0160 
                 ; 0000 0161 
                 ; 0000 0162 while (1)
                 _0x82:
                 ; 0000 0163       {
                 ; 0000 0164 
                 ; 0000 0165       updateSevenSegment();
00012f df3b      	RCALL _updateSevenSegment
                 ; 0000 0166 
                 ; 0000 0167       checkKeypad();
000130 df69      	RCALL _checkKeypad
                 ; 0000 0168 
                 ; 0000 0169 
                 ; 0000 016A       }
000131 cffd      	RJMP _0x82
                 ; 0000 016B }
                 _0x85:
000132 cfff      	RJMP _0x85
                 ; .FEND
                 
                 	.DSEG
                 _sevenSegDelay:
000160           	.BYTE 0x4
                 _numbers:
000164           	.BYTE 0x8
                 _keypadDelay:
00016c           	.BYTE 0x4
                 
                 	.CSEG
                 ;OPTIMIZER ADDED SUBROUTINE, CALLED 3 TIMES, CODE SIZE REDUCTION:27 WORDS
                 SUBOPT_0x0:
000133 bbe5      	OUT  0x15,R30
000134 91e0 0160 	LDS  R30,_sevenSegDelay
000136 91f0 0161 	LDS  R31,_sevenSegDelay+1
000138 9160 0162 	LDS  R22,_sevenSegDelay+2
00013a 9170 0163 	LDS  R23,_sevenSegDelay+3
00013c 940e 017b 	CALL __CFD1U
00013e 01df      	MOVW R26,R30
00013f 940e 0168 	CALL _delay_ms
000141 df24      	RCALL _deactivateAllComs
000142 9a90      	SBI  0x12,0
000143 9508      	RET
                 
                 ;OPTIMIZER ADDED SUBROUTINE, CALLED 5 TIMES, CODE SIZE REDUCTION:9 WORDS
                 SUBOPT_0x1:
000144 940e 017b 	CALL __CFD1U
000146 01df      	MOVW R26,R30
000147 940c 0168 	JMP  _delay_ms
                 
                 ;OPTIMIZER ADDED SUBROUTINE, CALLED 2 TIMES, CODE SIZE REDUCTION:7 WORDS
                 SUBOPT_0x2:
000149 9ac5      	SBI  0x18,5
00014a 9ac6      	SBI  0x18,6
00014b 91e0 016c 	LDS  R30,_keypadDelay
00014d 91f0 016d 	LDS  R31,_keypadDelay+1
00014f 9160 016e 	LDS  R22,_keypadDelay+2
000151 9170 016f 	LDS  R23,_keypadDelay+3
000153 cff0      	RJMP SUBOPT_0x1
                 
                 ;OPTIMIZER ADDED SUBROUTINE, CALLED 10 TIMES, CODE SIZE REDUCTION:42 WORDS
                 SUBOPT_0x3:
000154 01f2      	MOVW R30,R4
000155 e6a4      	LDI  R26,LOW(_numbers)
000156 e0b1      	LDI  R27,HIGH(_numbers)
000157 0fee      	LSL  R30
000158 1fff      	ROL  R31
000159 0fae      	ADD  R26,R30
00015a 1fbf      	ADC  R27,R31
00015b 9508      	RET
                 
                 ;OPTIMIZER ADDED SUBROUTINE, CALLED 10 TIMES, CODE SIZE REDUCTION:15 WORDS
                 SUBOPT_0x4:
00015c 93ed      	ST   X+,R30
00015d 93fc      	ST   X,R31
00015e cf30      	RJMP _updateIndex
                 
                 ;OPTIMIZER ADDED SUBROUTINE, CALLED 2 TIMES, CODE SIZE REDUCTION:5 WORDS
                 SUBOPT_0x5:
00015f 91e0 016c 	LDS  R30,_keypadDelay
000161 91f0 016d 	LDS  R31,_keypadDelay+1
000163 9160 016e 	LDS  R22,_keypadDelay+2
000165 9170 016f 	LDS  R23,_keypadDelay+3
000167 cfdc      	RJMP SUBOPT_0x1
                 
                 
                 	.CSEG
                 _delay_ms:
000168 9610      	adiw r26,0
000169 f039      	breq __delay_ms1
                 __delay_ms0:
                +
00016a ed80     +LDI R24 , LOW ( 0x7D0 )
00016b e097     +LDI R25 , HIGH ( 0x7D0 )
                +__DELAY_USW_LOOP :
00016c 9701     +SBIW R24 , 1
00016d f7f1     +BRNE __DELAY_USW_LOOP
                 	__DELAY_USW 0x7D0
00016e 95a8      	wdr
00016f 9711      	sbiw r26,1
000170 f7c9      	brne __delay_ms0
                 __delay_ms1:
000171 9508      	ret
                 
                 __UNPACK1:
000172 e850      	LDI  R21,0x80
000173 2e07      	MOV  R0,R23
000174 2205      	AND  R0,R21
000175 0f66      	LSL  R22
000176 1f77      	ROL  R23
000177 2775      	EOR  R23,R21
000178 0f55      	LSL  R21
000179 9567      	ROR  R22
00017a 9508      	RET
                 
                 __CFD1U:
00017b 9468      	SET
00017c c001      	RJMP __CFD1U0
                 __CFD1:
00017d 94e8      	CLT
                 __CFD1U0:
00017e 935f      	PUSH R21
00017f dff2      	RCALL __UNPACK1
000180 3870      	CPI  R23,0x80
000181 f018      	BRLO __CFD10
000182 3f7f      	CPI  R23,0xFF
000183 f408      	BRCC __CFD10
000184 c02d      	RJMP __ZERORES
                 __CFD10:
000185 e156      	LDI  R21,22
000186 1b57      	SUB  R21,R23
000187 f4aa      	BRPL __CFD11
000188 9551      	NEG  R21
000189 3058      	CPI  R21,8
00018a f40e      	BRTC __CFD19
00018b 3059      	CPI  R21,9
                 __CFD19:
00018c f030      	BRLO __CFD17
00018d efef      	SER  R30
00018e efff      	SER  R31
00018f ef6f      	SER  R22
000190 e77f      	LDI  R23,0x7F
000191 f977      	BLD  R23,7
000192 c01a      	RJMP __CFD15
                 __CFD17:
000193 2777      	CLR  R23
000194 2355      	TST  R21
000195 f0b9      	BREQ __CFD15
                 __CFD18:
000196 0fee      	LSL  R30
000197 1fff      	ROL  R31
000198 1f66      	ROL  R22
000199 1f77      	ROL  R23
00019a 955a      	DEC  R21
00019b f7d1      	BRNE __CFD18
00019c c010      	RJMP __CFD15
                 __CFD11:
00019d 2777      	CLR  R23
                 __CFD12:
00019e 3058      	CPI  R21,8
00019f f028      	BRLO __CFD13
0001a0 2fef      	MOV  R30,R31
0001a1 2ff6      	MOV  R31,R22
0001a2 2f67      	MOV  R22,R23
0001a3 5058      	SUBI R21,8
0001a4 cff9      	RJMP __CFD12
                 __CFD13:
0001a5 2355      	TST  R21
0001a6 f031      	BREQ __CFD15
                 __CFD14:
0001a7 9576      	LSR  R23
0001a8 9567      	ROR  R22
0001a9 95f7      	ROR  R31
0001aa 95e7      	ROR  R30
0001ab 955a      	DEC  R21
0001ac f7d1      	BRNE __CFD14
                 __CFD15:
0001ad 2000      	TST  R0
0001ae f40a      	BRPL __CFD16
0001af d008      	RCALL __ANEGD1
                 __CFD16:
0001b0 915f      	POP  R21
0001b1 9508      	RET
                 
                 __ZERORES:
0001b2 27ee      	CLR  R30
0001b3 27ff      	CLR  R31
0001b4 2766      	CLR  R22
0001b5 2777      	CLR  R23
0001b6 915f      	POP  R21
0001b7 9508      	RET
                 
                 __ANEGD1:
0001b8 95f0      	COM  R31
0001b9 9560      	COM  R22
0001ba 9570      	COM  R23
0001bb 95e1      	NEG  R30
0001bc 4fff      	SBCI R31,-1
0001bd 4f6f      	SBCI R22,-1
0001be 4f7f      	SBCI R23,-1
0001bf 9508      	RET
                 
                 ;END OF CODE MARKER
                 __END_OF_CODE:


RESOURCE USE INFORMATION
------------------------

Notice:
The register and instruction counts are symbol table hit counts,
and hence implicitly used resources are not counted, eg, the
'lpm' instruction without operands implicitly uses r0 and z,
none of which are counted.

x,y,z are separate entities in the symbol table and are
counted separately from r26..r31 here.

.dseg memory usage only counts static data declared with .byte

ATmega16 register use summary:
r0 :   7 r1 :   1 r2 :   0 r3 :   0 r4 :   5 r5 :   2 r6 :   0 r7 :   0 
r8 :   0 r9 :   0 r10:   0 r11:   0 r12:   0 r13:   0 r14:   0 r15:   0 
r16:   0 r17:   0 r18:   0 r19:   0 r20:   0 r21:  18 r22:  16 r23:  20 
r24:   9 r25:   3 r26:   9 r27:   4 r28:   1 r29:   1 r30:  94 r31:  30 
x  :   5 y  :   0 z  :   7 
Registers used: 17 out of 35 (48.6%)

ATmega16 instruction use summary:
.lds  :   0 .lds.l:   0 .sts  :   0 .sts.l:   0 adc   :   1 add   :   1 
adiw  :   2 and   :   1 andi  :   0 asr   :   0 bclr  :   0 bld   :   1 
brbc  :   0 brbs  :   0 brcc  :   1 brcs  :   0 break :   0 breq  :   4 
brge  :   1 brhc  :   0 brhs  :   0 brid  :   0 brie  :   0 brlo  :   3 
brlt  :   0 brmi  :   0 brne  :   7 brpl  :   2 brsh  :   0 brtc  :   1 
brts  :   0 brvc  :   0 brvs  :   0 bset  :   0 bst   :   0 call  :   3 
cbi   :   8 cbr   :   0 clc   :   0 clh   :   0 cli   :   1 cln   :   0 
clr   :  10 cls   :   0 clt   :   1 clv   :   0 clz   :   0 com   :   3 
cp    :   1 cpc   :   1 cpi   :   5 cpse  :   0 dec   :   3 des   :   0 
eor   :   1 fmul  :   0 fmuls :   0 fmulsu:   0 icall :   0 ijmp  :   0 
in    :   0 inc   :   0 jmp   :  23 ld    :   0 ldd   :   0 ldi   :  50 
lds   :  20 lpm   :   7 lsl   :   4 lsr   :   1 mov   :   4 movw  :   8 
mul   :   0 muls  :   0 mulsu :   0 neg   :   2 nop   :   0 or    :   0 
ori   :   0 out   :  42 pop   :   2 push  :   1 rcall :  34 ret   :  11 
reti  :   0 rjmp  :  37 rol   :   5 ror   :   4 sbc   :   0 sbci  :   3 
sbi   :  27 sbic  :  10 sbis  :  10 sbiw  :   5 sbr   :   0 sbrc  :   0 
sbrs  :   0 sec   :   0 seh   :   0 sei   :   0 sen   :   0 ser   :   3 
ses   :   0 set   :   1 sev   :   0 sez   :   0 sleep :   0 spm   :   0 
st    :   5 std   :   0 sts   :   0 sub   :   1 subi  :   1 swap  :   0 
tst   :   3 wdr   :   1 
Instructions used: 52 out of 116 (44.8%)

ATmega16 memory use summary [bytes]:
Segment   Begin    End      Code   Data   Used    Size   Use%
---------------------------------------------------------------
[.cseg] 0x000000 0x000380    866     30    896   16384   5.5%
[.dseg] 0x000060 0x000170      0     16     16    1024   1.6%
[.eseg] 0x000000 0x000000      0      0      0     512   0.0%

Assembly complete, 0 errors, 2 warnings
