RAM Allocation [bytes]
Variable                                                                          Address   Size
------------------------------------------------------------------------------------------------
array                                                                             0x0160      12
keypadDelay                                                                       0x016C       4
_base_y                                                                           0x0170       4

EEPROM Allocation [bytes]
Variable                                                                          Address   Size
------------------------------------------------------------------------------------------------

Register Allocation
Variable                                                                          Register  Size
------------------------------------------------------------------------------------------------
current                                                                           R5           1
_lcd_x                                                                            R4           1
_lcd_y                                                                            R7           1
_lcd_maxx                                                                         R6           1

FLASH Allocation [words]
Function                                                                          Address   Size
------------------------------------------------------------------------------------------------
checkKeypad                                                                       0x0006E     95
main                                                                              0x000CD     53
_lcd_write_nibble_G100                                                            0x00102     20
_lcd_write_data                                                                   0x00116     12
lcd_gotoxy                                                                        0x00122     13
lcd_clear                                                                         0x0012F     10
lcd_putchar                                                                       0x00139     20
lcd_init                                                                          0x0014D     43
